// Jest Snapshot v1, https://goo.gl/fbAQLP

exports[`Recovery Phrase Chips Component should match snapshot 1`] = `
<div>
  <div
    class="box recovery-phrase__secret box--margin-bottom-4 box--padding-4 box--display-grid box--flex-direction-row box--rounded-md box--border-style-solid box--border-color-border-muted box--border-width-1"
  >
    <div
      class="recovery-phrase__chips"
      data-testid="recovery-phrase-chips"
    >
      <div
        class="recovery-phrase__chip-item"
      >
        <div
          class="recovery-phrase__chip-item__number"
        >
          1.
        </div>
        <div
          class="recovery-phrase__chip chip chip--border-color-border-default chip--background-color-undefined chip--max-content"
          data-testid="recovery-phrase-chip-0"
        >
          debris
        </div>
      </div>
      <div
        class="recovery-phrase__chip-item"
      >
        <div
          class="recovery-phrase__chip-item__number"
        >
          2.
        </div>
        <div
          class="recovery-phrase__chip chip chip--border-color-border-default chip--background-color-undefined chip--max-content"
          data-testid="recovery-phrase-chip-1"
        >
          dizzy
        </div>
      </div>
      <div
        class="recovery-phrase__chip-item"
      >
        <div
          class="recovery-phrase__chip-item__number"
        >
          3.
        </div>
        <div
          class="recovery-phrase__chip chip chip--border-color-border-default chip--background-color-undefined chip--max-content"
          data-testid="recovery-phrase-chip-2"
        >
          just
        </div>
      </div>
      <div
        class="recovery-phrase__chip-item"
      >
        <div
          class="recovery-phrase__chip-item__number"
        >
          4.
        </div>
        <div
          class="recovery-phrase__chip chip chip--border-color-border-default chip--background-color-undefined chip--max-content"
          data-testid="recovery-phrase-chip-3"
        >
          program
        </div>
      </div>
      <div
        class="recovery-phrase__chip-item"
      >
        <div
          class="recovery-phrase__chip-item__number"
        >
          5.
        </div>
        <div
          class="recovery-phrase__chip chip chip--border-color-border-default chip--background-color-undefined chip--max-content"
          data-testid="recovery-phrase-chip-4"
        >
          just
        </div>
      </div>
      <div
        class="recovery-phrase__chip-item"
      >
        <div
          class="recovery-phrase__chip-item__number"
        >
          6.
        </div>
        <div
          class="recovery-phrase__chip chip chip--border-color-border-default chip--background-color-undefined chip--max-content"
          data-testid="recovery-phrase-chip-5"
        >
          float
        </div>
      </div>
      <div
        class="recovery-phrase__chip-item"
      >
        <div
          class="recovery-phrase__chip-item__number"
        >
          7.
        </div>
        <div
          class="recovery-phrase__chip chip chip--border-color-border-default chip--background-color-undefined chip--max-content"
          data-testid="recovery-phrase-chip-6"
        >
          decrease
        </div>
      </div>
      <div
        class="recovery-phrase__chip-item"
      >
        <div
          class="recovery-phrase__chip-item__number"
        >
          8.
        </div>
        <div
          class="recovery-phrase__chip chip chip--border-color-border-default chip--background-color-undefined chip--max-content"
          data-testid="recovery-phrase-chip-7"
        >
          vacant
        </div>
      </div>
      <div
        class="recovery-phrase__chip-item"
      >
        <div
          class="recovery-phrase__chip-item__number"
        >
          9.
        </div>
        <div
          class="recovery-phrase__chip chip chip--border-color-border-default chip--background-color-undefined chip--max-content"
          data-testid="recovery-phrase-chip-8"
        >
          alarm
        </div>
      </div>
      <div
        class="recovery-phrase__chip-item"
      >
        <div
          class="recovery-phrase__chip-item__number"
        >
          10.
        </div>
        <div
          class="recovery-phrase__chip chip chip--border-color-border-default chip--background-color-undefined chip--max-content"
          data-testid="recovery-phrase-chip-9"
        >
          reduce
        </div>
      </div>
      <div
        class="recovery-phrase__chip-item"
      >
        <div
          class="recovery-phrase__chip-item__number"
        >
          11.
        </div>
        <div
          class="recovery-phrase__chip chip chip--border-color-border-default chip--background-color-undefined chip--max-content"
          data-testid="recovery-phrase-chip-10"
        >
          speak
        </div>
      </div>
      <div
        class="recovery-phrase__chip-item"
      >
        <div
          class="recovery-phrase__chip-item__number"
        >
          12.
        </div>
        <div
          class="recovery-phrase__chip chip chip--border-color-border-default chip--background-color-undefined chip--max-content"
          data-testid="recovery-phrase-chip-11"
        >
          stadium
        </div>
      </div>
    </div>
  </div>
</div>
`;
